TAP version 13
# Subtest: double backend : commandes synthétiques et erreurs ne traversent jamais sendMessage réel
ok 1 - double backend : commandes synthétiques et erreurs ne traversent jamais sendMessage réel
  ---
  duration_ms: 4.631667
  type: 'test'
  ...
# Subtest: sans origine extension, installation du double refusée
ok 2 - sans origine extension, installation du double refusée
  ---
  duration_ms: 1.345887
  type: 'test'
  ...
# Subtest: sélection inconnue et options ambiguës sont refusées
ok 3 - sélection inconnue et options ambiguës sont refusées
  ---
  duration_ms: 0.882653
  type: 'test'
  ...
# Subtest: Chromium absent : zéro réussite, chaque scénario bloqué, cible intacte, aucune extension déclarée chargée
ok 4 - Chromium absent : zéro réussite, chaque scénario bloqué, cible intacte, aucune extension déclarée chargée
  ---
  duration_ms: 298.366421
  type: 'test'
  ...
1..4
# tests 4
# suites 0
# pass 4
# fail 0
# cancelled 0
# skipped 0
# todo 0
# duration_ms 413.811773
